fd_write: success
fd_write: success
fd_write: success
fd_write: success
fd_write: success
fd_write: success
fd_write: success
fd_write: success
fd_write: success
fd_write: success
fd_write: success
fd_write: success
fd_write: success
fd_write: success
fd_write: success
fd_write: success
fd_write: success
fd_write: success
